
[1m[46m RUN [49m[22m [36mv4.0.16 [39m[90mD:/Development/Development/Cartify/backend[39m

 [31mΓ¥»[39m src/__tests__/controllers/auth.controller.test.ts [2m([22m[2m2 tests[22m[2m | [22m[31m2 failed[39m[2m)[22m[32m 11[2mms[22m[39m
[31m       [31m├ù[31m should register a new user successfully[39m[32m 7[2mms[22m[39m
[31m       [31m├ù[31m should login user successfully[39m[32m 3[2mms[22m[39m
 [31mΓ¥»[39m src/__tests__/middleware/auth.middleware.test.ts [2m([22m[2m3 tests[22m[2m | [22m[31m1 failed[39m[2m)[22m[32m 10[2mms[22m[39m
[31m       [31m├ù[31m should call next if token is valid[39m[32m 5[2mms[22m[39m
       [32mΓ£ô[39m should return error if no token provided[32m 3[2mms[22m[39m
       [32mΓ£ô[39m should return error if token is invalid[32m 1[2mms[22m[39m
node.exe : 
At line:1 char:1
+ & "C:\Program 
Files\nodejs/node.exe" 
"C:\Users\azgxf\AppData\Roaming\ ...
+ ~~~~~~~~~~~~~~~~~~~~~~~~~~~~~~~~~~
~~~~~~~~~~~~~~~~~~~~~~~~~~~~~~~~~~~
    + CategoryInfo          : NotSp 
   ecified: (:String) [], RemoteEx  
  ception
    + FullyQualifiedErrorId : Nativ 
   eCommandError
 
[31mΓÄ»ΓÄ»ΓÄ»ΓÄ»ΓÄ»ΓÄ»ΓÄ»[39m[1m
[41m Failed Tests 3 [49m[22m[31mΓ
Ä»ΓÄ»ΓÄ»ΓÄ»ΓÄ»ΓÄ»ΓÄ»[39m

[41m[1m FAIL [22m[49m src/__test
s__/middleware/auth.middleware.test.
ts[2m > [22mAuth Middleware[2m > 
[22mauthenticate[2m > [22mshould 
call next if token is valid
[31m[1mTypeError[22m: __vi_import
_2__.default.user.findUnique.mockRes
olvedValue is not a function[39m
[36m [2mΓ¥»[22m src/__tests__/mid
dleware/auth.middleware.test.ts:[2m
40:45[22m[39m
    [90m 38| [39m
    [90m 39| [39m            
[90m// Mock prisma findUnique[39m
    [90m 40| [39m            (pris
ma[33m.[39muser[33m.[39mfindUniq
ue [35mas[39m any)[33m.[39m[34m
mockResolvedValue[39m({
    [90m   | [39m                 
                           
[31m^[39m
    [90m 41| [39m                
id[33m:[39m 
[32m'user-id'[39m[33m,[39m
    [90m 42| [39m                
email[33m:[39m [32m'test@example.
com'[39m[33m,[39m

[31m[2mΓÄ»ΓÄ»ΓÄ»ΓÄ»ΓÄ»ΓÄ»ΓÄ»ΓÄ»ΓÄ»
ΓÄ»ΓÄ»ΓÄ»ΓÄ»ΓÄ»ΓÄ»ΓÄ»ΓÄ»ΓÄ»ΓÄ»ΓÄ»ΓÄ»
ΓÄ»ΓÄ»ΓÄ»[1/3]ΓÄ»[22m[39m

[41m[1m FAIL [22m[49m src/__test
s__/controllers/auth.controller.test
.ts[2m > [22mAuth Controller[2m 
> [22mregister[2m > [22mshould 
register a new user successfully
[31m[1mAssertionError[22m: 
expected "vi.fn()" to be called at 
least once[39m
[36m [2mΓ¥»[22m src/__tests__/con
trollers/auth.controller.test.ts:[2
m85:40[22m[39m
    [90m 83| [39m            [34m
expect[39m(nextMock)[33m.[39mnot
[33m.[39m[34mtoHaveBeenCalled[39m
()[33m;[39m
    [90m 84| [39m            [34m
expect[39m(prisma[33m.[39muser[3
3m.[39mfindUnique)[33m.[39m[34mt
oHaveBeenCalled[39m()[33m;[39m
    [90m 85| [39m            [34m
expect[39m(prisma[33m.[39muser[3
3m.[39mcreate)[33m.[39m[34mtoHav
eBeenCalled[39m()[33m;[39m
    [90m   | [39m                 
                      [31m^[39m
    [90m 86| [39m            [34m
expect[39m(statusMock)[33m.[39m[
34mtoHaveBeenCalledWith[39m([34m20
1[39m)[33m;[39m
    [90m 87| [39m            [34m
expect[39m(jsonMock)[33m.[39m[34
mtoHaveBeenCalledWith[39m(

[31m[2mΓÄ»ΓÄ»ΓÄ»ΓÄ»ΓÄ»ΓÄ»ΓÄ»ΓÄ»ΓÄ»
ΓÄ»ΓÄ»ΓÄ»ΓÄ»ΓÄ»ΓÄ»ΓÄ»ΓÄ»ΓÄ»ΓÄ»ΓÄ»ΓÄ»
ΓÄ»ΓÄ»ΓÄ»[2/3]ΓÄ»[22m[39m

[41m[1m FAIL [22m[49m src/__test
s__/controllers/auth.controller.test
.ts[2m > [22mAuth Controller[2m 
> [22mregister[2m > [22mshould 
login user successfully
[31m[1mAssertionError[22m: 
expected "vi.fn()" to be called 
with arguments: [ 
ObjectContaining{ΓÇª} ][90m

Number of calls: [1m0[22m
[31m[39m
[36m [2mΓ¥»[22m src/__tests__/con
trollers/auth.controller.test.ts:[2
m128:30[22m[39m
    [90m126| [39m
    [90m127| [39m            [34m
expect[39m(nextMock)[33m.[39mnot
[33m.[39m[34mtoHaveBeenCalled[39m
()[33m;[39m
    [90m128| [39m            [34m
expect[39m(jsonMock)[33m.[39m[34
mtoHaveBeenCalledWith[39m(
    [90m   | [39m                 
            [31m^[39m
    [90m129| [39m                e
xpect[33m.[39m[34mobjectContainin
g[39m({
    [90m130| [39m                 
   success[33m:[39m 
[35mtrue[39m[33m,[39m

[31m[2mΓÄ»ΓÄ»ΓÄ»ΓÄ»ΓÄ»ΓÄ»ΓÄ»ΓÄ»ΓÄ»
ΓÄ»ΓÄ»ΓÄ»ΓÄ»ΓÄ»ΓÄ»ΓÄ»ΓÄ»ΓÄ»ΓÄ»ΓÄ»ΓÄ»
ΓÄ»ΓÄ»ΓÄ»[3/3]ΓÄ»[22m[39m


[2m Test Files [22m [1m[31m2 failed[39m[22m[90m (2)[39m
[2m      Tests [22m [1m[31m3 failed[39m[22m[2m | [22m[1m[32m2 passed[39m[22m[90m (5)[39m
[2m   Start at [22m 15:26:55
[2m   Duration [22m 669ms[2m (transform 202ms, setup 128ms, import 415ms, tests 21ms, environment 0ms)[22m

